limbo
god
medienne
medforest
anthill
chiiron
$
catt
crypt
boncaves
mines
footcave
castlelag
kobolds
monastery
medsewer
vaasa
voaleth
nseatrail
ssbeach
blank4
chiironbrush
waterfall
ksskswamp
cemetary
seacave
vertpassage
khada
dwarf5
zarander
bugbears
gnorthroad
darkhaven
denabknur
cairn
soskul
ksskswamp2
dcrptmine
dwarf_renagade
hillgiants
nkhada
castlelag2
death
arena
dragonspire
kerog
darkenwood
medcrypt
desertroad
narak
pennarak
pennan
catacombs
voalethcave
blackhills
talonwood
blackhills2
pennanhills
dcrpthouse
darkcitadel
rabbitwarren
chiiron2
pennanshops
mansion
bitterpool
oldforestrd
narakdesert
desertnarak
blankhills2
fireants
eaglescliff
blank62
bees
blank64
pixies
blank67
iguanalair
dsglacier
barrenbrush
gremlins
durfs
bandits
clans
cairn2
naraki
pyramid
desertcanyon
troglodytes
vyantombs
elfvillage
voalethpalac
blank88
blank90
blank91
ethertower
efreets
therift
snowplain
garden
westplains
seasprites
gloryhole
theatre
rilahl
blnk108
dragonhatch
blnk113
scarab
brithbarad2
blnk120
blnk123
blnk124
blnk125
blnk127
blnk129
blnk130
blnk131
blnk132
blnk133
blnk134
stoneg
blnk137
blnk138
blnk139
blnk141
blnk143
blnk147
blnk148
blnk149
blnk150
blnk151
blnk152
blnk154
blnk158
blnk160
blnk161
$

